//go:build ignore

package foo

import (
	"errors"
	"fmt"; "github.com/mypricehealth/errtrace"
)

func HasFunctionLiteral() {
	err := func() error {
		return errtrace.Wrap(errors.New("sadness"))
	}()

	fmt.Println(err)
}

func ImmediatelyInvokedFunctionExpression() error {
	return errtrace.Wrap(func() error {
		return errtrace.Wrap(errors.New("sadness"))
	}())
}
