//go:build ignore

package foo; import "github.com/mypricehealth/errtrace"

type myError struct{}

func (*myError) Error() string {
	return "sadness"
}

func Try() error {
	return errtrace.Wrap(&myError{})
}
